../Core/Src/main.c:67:6:delay	16	static
../Core/Src/main.c:72:6:Set_Pin_Output	48	static
../Core/Src/main.c:80:6:Set_Pin_Input	48	static
../Core/Src/main.c:88:6:DHT11_Start	8	static
../Core/Src/main.c:96:9:Check_Response	16	static
../Core/Src/main.c:110:9:DHT11_Read	16	static
../Core/Src/main.c:132:5:main	112	static
../Core/Src/main.c:196:6:SystemClock_Config	88	static
../Core/Src/main.c:243:13:MX_TIM3_Init	40	static
../Core/Src/main.c:288:13:MX_GPIO_Init	56	static
../Core/Src/main.c:338:6:Error_Handler	8	static,ignoring_inline_asm
